{
  "result_0": [{"distance": {"amount": 36.38968001999057, "amount_percise": 36.31676088669533, "measurement": "kilometres"}, "latitude": "12.234", "longitude": "13.234", "name": "Al Pacino", "user_id": 12}, {"distance": {"amount": 38.0999206865779, "amount_percise": 38.023582123509215, "measurement": "kilometres"}, "latitude": "12.245", "longitude": "13.245", "name": "Bat Man", "user_id": 1}],
  "result_1": [{"distance":{"amount":0,"amount_percise":0,"measurement":"kilometres"},"latitude":"1000.9283","longitude":"200.899","name":"Eric Wilson","user_id":2}]
}